// Jest Snapshot v1, https://goo.gl/fbAQLP

exports[`ClientApp renders correctly 1`] = `
ShallowWrapper {
  "complexSelector": ComplexSelector {
    "buildPredicate": [Function],
    "childrenOfNode": [Function],
    "findWhereUnwrapped": [Function],
  },
  "length": 1,
  "node": <styled.div>
    <Link
        replace={false}
        style={
            Object {
                "color": "white",
                "textDecoration": "none",
              }
        }
        to="/"
    >
        <div
            className="home"
        >
            HOME
        </div>
    </Link>
    <div
        className="searches"
    >
        <h1>
            PAST SEARCHES
        </h1>
    </div>
</styled.div>,
  "nodes": Array [
    <styled.div>
      <Link
            replace={false}
            style={
                  Object {
                        "color": "white",
                        "textDecoration": "none",
                      }
            }
            to="/"
      >
            <div
                  className="home"
            >
                  HOME
            </div>
      </Link>
      <div
            className="searches"
      >
            <h1>
                  PAST SEARCHES
            </h1>
      </div>
</styled.div>,
  ],
  "options": Object {},
  "renderer": ReactShallowRenderer {
    "_instance": ShallowComponentWrapper {
      "_calledComponentWillUnmount": false,
      "_compositeType": 0,
      "_context": Object {},
      "_currentElement": <Searches />,
      "_debugID": 1,
      "_hostContainerInfo": null,
      "_hostParent": null,
      "_instance": Searches {
        "_reactInternalInstance": [Circular],
        "context": Object {},
        "history": Array [],
        "props": Object {},
        "refs": Object {},
        "state": Object {
          "searches": Array [],
        },
        "updater": Object {
          "enqueueCallback": [Function],
          "enqueueCallbackInternal": [Function],
          "enqueueElementInternal": [Function],
          "enqueueForceUpdate": [Function],
          "enqueueReplaceState": [Function],
          "enqueueSetState": [Function],
          "isMounted": [Function],
          "validateCallback": [Function],
        },
      },
      "_mountOrder": 1,
      "_pendingCallbacks": null,
      "_pendingElement": null,
      "_pendingForceUpdate": false,
      "_pendingReplaceState": false,
      "_pendingStateQueue": null,
      "_renderedComponent": NoopInternalComponent {
        "_currentElement": <styled.div>
          <Link
                    replace={false}
                    style={
                              Object {
                                        "color": "white",
                                        "textDecoration": "none",
                                      }
                    }
                    to="/"
          >
                    <div
                              className="home"
                    >
                              HOME
                    </div>
          </Link>
          <div
                    className="searches"
          >
                    <h1>
                              PAST SEARCHES
                    </h1>
          </div>
</styled.div>,
        "_debugID": 2,
        "_renderedOutput": <styled.div>
          <Link
                    replace={false}
                    style={
                              Object {
                                        "color": "white",
                                        "textDecoration": "none",
                                      }
                    }
                    to="/"
          >
                    <div
                              className="home"
                    >
                              HOME
                    </div>
          </Link>
          <div
                    className="searches"
          >
                    <h1>
                              PAST SEARCHES
                    </h1>
          </div>
</styled.div>,
      },
      "_renderedNodeType": 1,
      "_rootNodeID": 0,
      "_topLevelWrapper": null,
      "_updateBatchNumber": null,
      "_warnedAboutRefsInRender": false,
    },
    "getRenderOutput": [Function],
    "render": [Function],
  },
  "root": [Circular],
  "unrendered": <Searches />,
}
`;
